Archive member included to satisfy reference by file (symbol)

e:/stm32/stm32cubeide_1.9.0/stm32cubeide/plugins/com.st.stm32cube.ide.mcu.externaltools.gnu-tools-for-stm32.10.3-2021.10.win32_1.0.0.202111181127/tools/bin/../lib/gcc/arm-none-eabi/10.3.1/../../../../arm-none-eabi/lib/thumb/v7e-m+fp/hard\libc_nano.a(lib_a-errno.o)
                              ./Core/Src/syscalls.o (__errno)
e:/stm32/stm32cubeide_1.9.0/stm32cubeide/plugins/com.st.stm32cube.ide.mcu.externaltools.gnu-tools-for-stm32.10.3-2021.10.win32_1.0.0.202111181127/tools/bin/../lib/gcc/arm-none-eabi/10.3.1/../../../../arm-none-eabi/lib/thumb/v7e-m+fp/hard\libc_nano.a(lib_a-exit.o)
                              e:/stm32/stm32cubeide_1.9.0/stm32cubeide/plugins/com.st.stm32cube.ide.mcu.externaltools.gnu-tools-for-stm32.10.3-2021.10.win32_1.0.0.202111181127/tools/bin/../lib/gcc/arm-none-eabi/10.3.1/../../../../arm-none-eabi/lib/thumb/v7e-m+fp/hard/crt0.o (exit)
e:/stm32/stm32cubeide_1.9.0/stm32cubeide/plugins/com.st.stm32cube.ide.mcu.externaltools.gnu-tools-for-stm32.10.3-2021.10.win32_1.0.0.202111181127/tools/bin/../lib/gcc/arm-none-eabi/10.3.1/../../../../arm-none-eabi/lib/thumb/v7e-m+fp/hard\libc_nano.a(lib_a-impure.o)
                              e:/stm32/stm32cubeide_1.9.0/stm32cubeide/plugins/com.st.stm32cube.ide.mcu.externaltools.gnu-tools-for-stm32.10.3-2021.10.win32_1.0.0.202111181127/tools/bin/../lib/gcc/arm-none-eabi/10.3.1/../../../../arm-none-eabi/lib/thumb/v7e-m+fp/hard\libc_nano.a(lib_a-exit.o) (_global_impure_ptr)
e:/stm32/stm32cubeide_1.9.0/stm32cubeide/plugins/com.st.stm32cube.ide.mcu.externaltools.gnu-tools-for-stm32.10.3-2021.10.win32_1.0.0.202111181127/tools/bin/../lib/gcc/arm-none-eabi/10.3.1/../../../../arm-none-eabi/lib/thumb/v7e-m+fp/hard\libc_nano.a(lib_a-init.o)
                              e:/stm32/stm32cubeide_1.9.0/stm32cubeide/plugins/com.st.stm32cube.ide.mcu.externaltools.gnu-tools-for-stm32.10.3-2021.10.win32_1.0.0.202111181127/tools/bin/../lib/gcc/arm-none-eabi/10.3.1/../../../../arm-none-eabi/lib/thumb/v7e-m+fp/hard/crt0.o (__libc_init_array)
e:/stm32/stm32cubeide_1.9.0/stm32cubeide/plugins/com.st.stm32cube.ide.mcu.externaltools.gnu-tools-for-stm32.10.3-2021.10.win32_1.0.0.202111181127/tools/bin/../lib/gcc/arm-none-eabi/10.3.1/../../../../arm-none-eabi/lib/thumb/v7e-m+fp/hard\libc_nano.a(lib_a-memset.o)
                              e:/stm32/stm32cubeide_1.9.0/stm32cubeide/plugins/com.st.stm32cube.ide.mcu.externaltools.gnu-tools-for-stm32.10.3-2021.10.win32_1.0.0.202111181127/tools/bin/../lib/gcc/arm-none-eabi/10.3.1/../../../../arm-none-eabi/lib/thumb/v7e-m+fp/hard/crt0.o (memset)
e:/stm32/stm32cubeide_1.9.0/stm32cubeide/plugins/com.st.stm32cube.ide.mcu.externaltools.gnu-tools-for-stm32.10.3-2021.10.win32_1.0.0.202111181127/tools/bin/../lib/gcc/arm-none-eabi/10.3.1/../../../../arm-none-eabi/lib/thumb/v7e-m+fp/hard\libc_nano.a(lib_a-strlen.o)
                              ./Core/Src/main.o (strlen)
e:/stm32/stm32cubeide_1.9.0/stm32cubeide/plugins/com.st.stm32cube.ide.mcu.externaltools.gnu-tools-for-stm32.10.3-2021.10.win32_1.0.0.202111181127/tools/bin/../lib/gcc/arm-none-eabi/10.3.1/thumb/v7e-m+fp/hard\libgcc.a(_aeabi_uldivmod.o)
                              ./Drivers/STM32F4xx_HAL_Driver/Src/stm32f4xx_hal_rcc.o (__aeabi_uldivmod)
e:/stm32/stm32cubeide_1.9.0/stm32cubeide/plugins/com.st.stm32cube.ide.mcu.externaltools.gnu-tools-for-stm32.10.3-2021.10.win32_1.0.0.202111181127/tools/bin/../lib/gcc/arm-none-eabi/10.3.1/thumb/v7e-m+fp/hard\libgcc.a(_udivmoddi4.o)
                              e:/stm32/stm32cubeide_1.9.0/stm32cubeide/plugins/com.st.stm32cube.ide.mcu.externaltools.gnu-tools-for-stm32.10.3-2021.10.win32_1.0.0.202111181127/tools/bin/../lib/gcc/arm-none-eabi/10.3.1/thumb/v7e-m+fp/hard\libgcc.a(_aeabi_uldivmod.o) (__udivmoddi4)
e:/stm32/stm32cubeide_1.9.0/stm32cubeide/plugins/com.st.stm32cube.ide.mcu.externaltools.gnu-tools-for-stm32.10.3-2021.10.win32_1.0.0.202111181127/tools/bin/../lib/gcc/arm-none-eabi/10.3.1/thumb/v7e-m+fp/hard\libgcc.a(_dvmd_tls.o)
                              e:/stm32/stm32cubeide_1.9.0/stm32cubeide/plugins/com.st.stm32cube.ide.mcu.externaltools.gnu-tools-for-stm32.10.3-2021.10.win32_1.0.0.202111181127/tools/bin/../lib/gcc/arm-none-eabi/10.3.1/thumb/v7e-m+fp/hard\libgcc.a(_aeabi_uldivmod.o) (__aeabi_ldiv0)

Discarded input sections

 .text          0x0000000000000000        0x0 e:/stm32/stm32cubeide_1.9.0/stm32cubeide/plugins/com.st.stm32cube.ide.mcu.externaltools.gnu-tools-for-stm32.10.3-2021.10.win32_1.0.0.202111181127/tools/bin/../lib/gcc/arm-none-eabi/10.3.1/thumb/v7e-m+fp/hard/crti.o
 .data          0x0000000000000000        0x0 e:/stm32/stm32cubeide_1.9.0/stm32cubeide/plugins/com.st.stm32cube.ide.mcu.externaltools.gnu-tools-for-stm32.10.3-2021.10.win32_1.0.0.202111181127/tools/bin/../lib/gcc/arm-none-eabi/10.3.1/thumb/v7e-m+fp/hard/crti.o
[...]
Memory Configuration

Name             Origin             Length             Attributes
CCMRAM           0x0000000010000000 0x0000000000010000 xrw
RAM              0x0000000020000000 0x0000000000020000 xrw
FLASH            0x0000000008040000 0x0000000000100000 xr
*default*        0x0000000000000000 0xffffffffffffffff

Linker script and memory map

LOAD e:/stm32/stm32cubeide_1.9.0/stm32cubeide/plugins/com.st.stm32cube.ide.mcu.externaltools.gnu-tools-for-stm32.10.3-2021.10.win32_1.0.0.202111181127/tools/bin/../lib/gcc/arm-none-eabi/10.3.1/thumb/v7e-m+fp/hard/crti.o
LOAD e:/stm32/stm32cubeide_1.9.0/stm32cubeide/plugins/com.st.stm32cube.ide.mcu.externaltools.gnu-tools-for-stm32.10.3-2021.10.win32_1.0.0.202111181127/tools/bin/../lib/gcc/arm-none-eabi/10.3.1/thumb/v7e-m+fp/hard/crtbegin.o
LOAD e:/stm32/stm32cubeide_1.9.0/stm32cubeide/plugins/com.st.stm32cube.ide.mcu.externaltools.gnu-tools-for-stm32.10.3-2021.10.win32_1.0.0.202111181127/tools/bin/../lib/gcc/arm-none-eabi/10.3.1/../../../../arm-none-eabi/lib/thumb/v7e-m+fp/hard/crt0.o
LOAD ./Core/Src/Flash.o
LOAD ./Core/Src/main.o
LOAD ./Core/Src/stm32f4xx_hal_msp.o
LOAD ./Core/Src/stm32f4xx_it.o
LOAD ./Core/Src/syscalls.o
LOAD ./Core/Src/sysmem.o
LOAD ./Core/Src/system_stm32f4xx.o
LOAD ./Core/Startup/startup_stm32f407vgtx.o
LOAD ./Drivers/STM32F4xx_HAL_Driver/Src/stm32f4xx_hal.o
LOAD ./Drivers/STM32F4xx_HAL_Driver/Src/stm32f4xx_hal_cortex.o
LOAD ./Drivers/STM32F4xx_HAL_Driver/Src/stm32f4xx_hal_dma.o
LOAD ./Drivers/STM32F4xx_HAL_Driver/Src/stm32f4xx_hal_dma_ex.o
LOAD ./Drivers/STM32F4xx_HAL_Driver/Src/stm32f4xx_hal_exti.o
LOAD ./Drivers/STM32F4xx_HAL_Driver/Src/stm32f4xx_hal_flash.o
LOAD ./Drivers/STM32F4xx_HAL_Driver/Src/stm32f4xx_hal_flash_ex.o
LOAD ./Drivers/STM32F4xx_HAL_Driver/Src/stm32f4xx_hal_flash_ramfunc.o
LOAD ./Drivers/STM32F4xx_HAL_Driver/Src/stm32f4xx_hal_gpio.o
LOAD ./Drivers/STM32F4xx_HAL_Driver/Src/stm32f4xx_hal_pwr.o
LOAD ./Drivers/STM32F4xx_HAL_Driver/Src/stm32f4xx_hal_pwr_ex.o
LOAD ./Drivers/STM32F4xx_HAL_Driver/Src/stm32f4xx_hal_rcc.o
LOAD ./Drivers/STM32F4xx_HAL_Driver/Src/stm32f4xx_hal_rcc_ex.o
LOAD ./Drivers/STM32F4xx_HAL_Driver/Src/stm32f4xx_hal_tim.o
LOAD ./Drivers/STM32F4xx_HAL_Driver/Src/stm32f4xx_hal_tim_ex.o
LOAD ./Drivers/STM32F4xx_HAL_Driver/Src/stm32f4xx_hal_uart.o
START GROUP
LOAD e:/stm32/stm32cubeide_1.9.0/stm32cubeide/plugins/com.st.stm32cube.ide.mcu.externaltools.gnu-tools-for-stm32.10.3-2021.10.win32_1.0.0.202111181127/tools/bin/../lib/gcc/arm-none-eabi/10.3.1/../../../../arm-none-eabi/lib/thumb/v7e-m+fp/hard\libc_nano.a
LOAD e:/stm32/stm32cubeide_1.9.0/stm32cubeide/plugins/com.st.stm32cube.ide.mcu.externaltools.gnu-tools-for-stm32.10.3-2021.10.win32_1.0.0.202111181127/tools/bin/../lib/gcc/arm-none-eabi/10.3.1/../../../../arm-none-eabi/lib/thumb/v7e-m+fp/hard\libm.a
END GROUP
START GROUP
LOAD e:/stm32/stm32cubeide_1.9.0/stm32cubeide/plugins/com.st.stm32cube.ide.mcu.externaltools.gnu-tools-for-stm32.10.3-2021.10.win32_1.0.0.202111181127/tools/bin/../lib/gcc/arm-none-eabi/10.3.1/thumb/v7e-m+fp/hard\libgcc.a
LOAD e:/stm32/stm32cubeide_1.9.0/stm32cubeide/plugins/com.st.stm32cube.ide.mcu.externaltools.gnu-tools-for-stm32.10.3-2021.10.win32_1.0.0.202111181127/tools/bin/../lib/gcc/arm-none-eabi/10.3.1/../../../../arm-none-eabi/lib/thumb/v7e-m+fp/hard\libc_nano.a
END GROUP
START GROUP
LOAD e:/stm32/stm32cubeide_1.9.0/stm32cubeide/plugins/com.st.stm32cube.ide.mcu.externaltools.gnu-tools-for-stm32.10.3-2021.10.win32_1.0.0.202111181127/tools/bin/../lib/gcc/arm-none-eabi/10.3.1/thumb/v7e-m+fp/hard\libgcc.a
LOAD e:/stm32/stm32cubeide_1.9.0/stm32cubeide/plugins/com.st.stm32cube.ide.mcu.externaltools.gnu-tools-for-stm32.10.3-2021.10.win32_1.0.0.202111181127/tools/bin/../lib/gcc/arm-none-eabi/10.3.1/../../../../arm-none-eabi/lib/thumb/v7e-m+fp/hard\libc_nano.a
LOAD e:/stm32/stm32cubeide_1.9.0/stm32cubeide/plugins/com.st.stm32cube.ide.mcu.externaltools.gnu-tools-for-stm32.10.3-2021.10.win32_1.0.0.202111181127/tools/bin/../lib/gcc/arm-none-eabi/10.3.1/../../../../arm-none-eabi/lib/thumb/v7e-m+fp/hard\libnosys.a
END GROUP
START GROUP
LOAD e:/stm32/stm32cubeide_1.9.0/stm32cubeide/plugins/com.st.stm32cube.ide.mcu.externaltools.gnu-tools-for-stm32.10.3-2021.10.win32_1.0.0.202111181127/tools/bin/../lib/gcc/arm-none-eabi/10.3.1/thumb/v7e-m+fp/hard\libgcc.a
LOAD e:/stm32/stm32cubeide_1.9.0/stm32cubeide/plugins/com.st.stm32cube.ide.mcu.externaltools.gnu-tools-for-stm32.10.3-2021.10.win32_1.0.0.202111181127/tools/bin/../lib/gcc/arm-none-eabi/10.3.1/../../../../arm-none-eabi/lib/thumb/v7e-m+fp/hard\libc_nano.a
LOAD e:/stm32/stm32cubeide_1.9.0/stm32cubeide/plugins/com.st.stm32cube.ide.mcu.externaltools.gnu-tools-for-stm32.10.3-2021.10.win32_1.0.0.202111181127/tools/bin/../lib/gcc/arm-none-eabi/10.3.1/../../../../arm-none-eabi/lib/thumb/v7e-m+fp/hard\libnosys.a
END GROUP
LOAD e:/stm32/stm32cubeide_1.9.0/stm32cubeide/plugins/com.st.stm32cube.ide.mcu.externaltools.gnu-tools-for-stm32.10.3-2021.10.win32_1.0.0.202111181127/tools/bin/../lib/gcc/arm-none-eabi/10.3.1/thumb/v7e-m+fp/hard/crtend.o
LOAD e:/stm32/stm32cubeide_1.9.0/stm32cubeide/plugins/com.st.stm32cube.ide.mcu.externaltools.gnu-tools-for-stm32.10.3-2021.10.win32_1.0.0.202111181127/tools/bin/../lib/gcc/arm-none-eabi/10.3.1/thumb/v7e-m+fp/hard/crtn.o
                0x0000000020020000                _estack = (ORIGIN (RAM) + LENGTH (RAM))
                0x0000000000000200                _Min_Heap_Size = 0x200
                0x0000000000000400                _Min_Stack_Size = 0x400

.isr_vector     0x0000000008040000      0x188
                0x0000000008040000                . = ALIGN (0x4)
 *(.isr_vector)
 .isr_vector    0x0000000008040000      0x188 ./Core/Startup/startup_stm32f407vgtx.o
                0x0000000008040000                g_pfnVectors
                0x0000000008040188                . = ALIGN (0x4)

.text           0x0000000008040188     0x28b4
                0x0000000008040188                . = ALIGN (0x4)
 *(.text)
 .text          0x0000000008040188       0x40 e:/stm32/stm32cubeide_1.9.0/stm32cubeide/plugins/com.st.stm32cube.ide.mcu.externaltools.gnu-tools-for-stm32.10.3-2021.10.win32_1.0.0.202111181127/tools/bin/../lib/gcc/arm-none-eabi/10.3.1/thumb/v7e-m+fp/hard/crtbegin.o
 .text          0x00000000080401c8       0x10 e:/stm32/stm32cubeide_1.9.0/stm32cubeide/plugins/com.st.stm32cube.ide.mcu.externaltools.gnu-tools-for-stm32.10.3-2021.10.win32_1.0.0.202111181127/tools/bin/../lib/gcc/arm-none-eabi/10.3.1/../../../../arm-none-eabi/lib/thumb/v7e-m+fp/hard\libc_nano.a(lib_a-strlen.o)
                0x00000000080401c8                strlen
 .text          0x00000000080401d8       0x30 e:/stm32/stm32cubeide_1.9.0/stm32cubeide/plugins/com.st.stm32cube.ide.mcu.externaltools.gnu-tools-for-stm32.10.3-2021.10.win32_1.0.0.202111181127/tools/bin/../lib/gcc/arm-none-eabi/10.3.1/thumb/v7e-m+fp/hard\libgcc.a(_aeabi_uldivmod.o)
                0x00000000080401d8                __aeabi_uldivmod
 .text          0x0000000008040208      0x2d0 e:/stm32/stm32cubeide_1.9.0/stm32cubeide/plugins/com.st.stm32cube.ide.mcu.externaltools.gnu-tools-for-stm32.10.3-2021.10.win32_1.0.0.202111181127/tools/bin/../lib/gcc/arm-none-eabi/10.3.1/thumb/v7e-m+fp/hard\libgcc.a(_udivmoddi4.o)
                0x0000000008040208                __udivmoddi4
 .text          0x00000000080404d8        0x4 e:/stm32/stm32cubeide_1.9.0/stm32cubeide/plugins/com.st.stm32cube.ide.mcu.externaltools.gnu-tools-for-stm32.10.3-2021.10.win32_1.0.0.202111181127/tools/bin/../lib/gcc/arm-none-eabi/10.3.1/thumb/v7e-m+fp/hard\libgcc.a(_dvmd_tls.o)
                0x00000000080404d8                __aeabi_idiv0
                0x00000000080404d8                __aeabi_ldiv0
 *(.text*)
 .text.Flash_Erase
                0x00000000080404dc       0x3c ./Core/Src/Flash.o
                0x00000000080404dc                Flash_Erase
 .text.Flash_Write
                0x0000000008040518       0x2e ./Core/Src/Flash.o
                0x0000000008040518                Flash_Write
 *fill*         0x0000000008040546        0x2 
 .text.main     0x0000000008040548      0x104 ./Core/Src/main.o
                0x0000000008040548                main
 .text.SystemClock_Config
                0x000000000804064c       0xd4 ./Core/Src/main.o
                0x000000000804064c                SystemClock_Config
 .text.MX_UART4_Init
                0x0000000008040720       0x54 ./Core/Src/main.o
 .text.MX_GPIO_Init
                0x0000000008040774       0xa4 ./Core/Src/main.o
 .text.Error_Handler
                0x0000000008040818        0xa ./Core/Src/main.o
                0x0000000008040818                Error_Handler
 *fill*         0x0000000008040822        0x2 
 .text.HAL_MspInit
                0x0000000008040824       0x50 ./Core/Src/stm32f4xx_hal_msp.o
                0x0000000008040824                HAL_MspInit
 .text.HAL_UART_MspInit
                0x0000000008040874       0x90 ./Core/Src/stm32f4xx_hal_msp.o
                0x0000000008040874                HAL_UART_MspInit
 .text.NMI_Handler
                0x0000000008040904        0x6 ./Core/Src/stm32f4xx_it.o
                0x0000000008040904                NMI_Handler
 .text.HardFault_Handler
                0x000000000804090a        0x6 ./Core/Src/stm32f4xx_it.o
                0x000000000804090a                HardFault_Handler
 .text.MemManage_Handler
                0x0000000008040910        0x6 ./Core/Src/stm32f4xx_it.o
                0x0000000008040910                MemManage_Handler
 .text.BusFault_Handler
                0x0000000008040916        0x6 ./Core/Src/stm32f4xx_it.o
                0x0000000008040916                BusFault_Handler
 .text.UsageFault_Handler
                0x000000000804091c        0x6 ./Core/Src/stm32f4xx_it.o
                0x000000000804091c                UsageFault_Handler
 .text.SVC_Handler
                0x0000000008040922        0xe ./Core/Src/stm32f4xx_it.o
                0x0000000008040922                SVC_Handler
 .text.DebugMon_Handler
                0x0000000008040930        0xe ./Core/Src/stm32f4xx_it.o
                0x0000000008040930                DebugMon_Handler
 .text.PendSV_Handler
                0x000000000804093e        0xe ./Core/Src/stm32f4xx_it.o
                0x000000000804093e                PendSV_Handler
 .text.SysTick_Handler
                0x000000000804094c        0xc ./Core/Src/stm32f4xx_it.o
                0x000000000804094c                SysTick_Handler
 .text.SystemInit
                0x0000000008040958       0x24 ./Core/Src/system_stm32f4xx.o
                0x0000000008040958                SystemInit
 .text.Reset_Handler
                0x000000000804097c       0x50 ./Core/Startup/startup_stm32f407vgtx.o
                0x000000000804097c                Reset_Handler
 .text.Default_Handler
                0x00000000080409cc        0x2 ./Core/Startup/startup_stm32f407vgtx.o
                0x00000000080409cc                RTC_Alarm_IRQHandler
                0x00000000080409cc                HASH_RNG_IRQHandler
                0x00000000080409cc                EXTI2_IRQHandler
                0x00000000080409cc                TIM8_CC_IRQHandler
                0x00000000080409cc                TIM1_CC_IRQHandler
                0x00000000080409cc                DMA2_Stream5_IRQHandler
                0x00000000080409cc                DMA1_Stream5_IRQHandler
                0x00000000080409cc                PVD_IRQHandler
                0x00000000080409cc                SDIO_IRQHandler
                0x00000000080409cc                TAMP_STAMP_IRQHandler
                0x00000000080409cc                CAN2_RX1_IRQHandler
                0x00000000080409cc                EXTI3_IRQHandler
                0x00000000080409cc                TIM8_TRG_COM_TIM14_IRQHandler
                0x00000000080409cc                TIM1_UP_TIM10_IRQHandler
                0x00000000080409cc                TIM8_UP_TIM13_IRQHandler
                0x00000000080409cc                I2C3_ER_IRQHandler
                0x00000000080409cc                EXTI0_IRQHandler
                0x00000000080409cc                I2C2_EV_IRQHandler
                0x00000000080409cc                DMA1_Stream2_IRQHandler
                0x00000000080409cc                CAN1_RX0_IRQHandler
                0x00000000080409cc                FPU_IRQHandler
                0x00000000080409cc                OTG_HS_WKUP_IRQHandler
                0x00000000080409cc                CAN2_SCE_IRQHandler
                0x00000000080409cc                DMA2_Stream2_IRQHandler
                0x00000000080409cc                SPI1_IRQHandler
                0x00000000080409cc                TIM6_DAC_IRQHandler
                0x00000000080409cc                TIM1_BRK_TIM9_IRQHandler
                0x00000000080409cc                DCMI_IRQHandler
                0x00000000080409cc                CAN2_RX0_IRQHandler
                0x00000000080409cc                DMA2_Stream3_IRQHandler
                0x00000000080409cc                USART6_IRQHandler
                0x00000000080409cc                USART3_IRQHandler
                0x00000000080409cc                CAN1_RX1_IRQHandler
                0x00000000080409cc                UART5_IRQHandler
                0x00000000080409cc                DMA2_Stream0_IRQHandler
                0x00000000080409cc                TIM4_IRQHandler
                0x00000000080409cc                I2C1_EV_IRQHandler
                0x00000000080409cc                DMA1_Stream6_IRQHandler
                0x00000000080409cc                DMA1_Stream1_IRQHandler
                0x00000000080409cc                UART4_IRQHandler
                0x00000000080409cc                TIM3_IRQHandler
                0x00000000080409cc                RCC_IRQHandler
                0x00000000080409cc                TIM8_BRK_TIM12_IRQHandler
                0x00000000080409cc                Default_Handler
                0x00000000080409cc                EXTI15_10_IRQHandler
                0x00000000080409cc                ADC_IRQHandler
                0x00000000080409cc                DMA1_Stream7_IRQHandler
                0x00000000080409cc                TIM7_IRQHandler
                0x00000000080409cc                CAN2_TX_IRQHandler
                0x00000000080409cc                TIM5_IRQHandler
                0x00000000080409cc                DMA2_Stream7_IRQHandler
                0x00000000080409cc                I2C3_EV_IRQHandler
                0x00000000080409cc                EXTI9_5_IRQHandler
                0x00000000080409cc                RTC_WKUP_IRQHandler
                0x00000000080409cc                ETH_WKUP_IRQHandler
                0x00000000080409cc                SPI2_IRQHandler
                0x00000000080409cc                OTG_HS_EP1_IN_IRQHandler
                0x00000000080409cc                DMA1_Stream0_IRQHandler
                0x00000000080409cc                CAN1_TX_IRQHandler
                0x00000000080409cc                EXTI4_IRQHandler
                0x00000000080409cc                FSMC_IRQHandler
                0x00000000080409cc                ETH_IRQHandler
                0x00000000080409cc                OTG_HS_EP1_OUT_IRQHandler
                0x00000000080409cc                WWDG_IRQHandler
                0x00000000080409cc                TIM2_IRQHandler
                0x00000000080409cc                OTG_FS_WKUP_IRQHandler
                0x00000000080409cc                TIM1_TRG_COM_TIM11_IRQHandler
                0x00000000080409cc                OTG_HS_IRQHandler
                0x00000000080409cc                EXTI1_IRQHandler
                0x00000000080409cc                USART2_IRQHandler
                0x00000000080409cc                I2C2_ER_IRQHandler
                0x00000000080409cc                DMA2_Stream1_IRQHandler
                0x00000000080409cc                CAN1_SCE_IRQHandler
                0x00000000080409cc                FLASH_IRQHandler
                0x00000000080409cc                DMA2_Stream4_IRQHandler
                0x00000000080409cc                USART1_IRQHandler
                0x00000000080409cc                OTG_FS_IRQHandler
                0x00000000080409cc                SPI3_IRQHandler
                0x00000000080409cc                DMA1_Stream4_IRQHandler
                0x00000000080409cc                I2C1_ER_IRQHandler
                0x00000000080409cc                DMA2_Stream6_IRQHandler
                0x00000000080409cc                DMA1_Stream3_IRQHandler
 *fill*         0x00000000080409ce        0x2 
 .text.HAL_Init
                0x00000000080409d0       0x44 ./Drivers/STM32F4xx_HAL_Driver/Src/stm32f4xx_hal.o
                0x00000000080409d0                HAL_Init
 .text.HAL_DeInit
                0x0000000008040a14       0x58 ./Drivers/STM32F4xx_HAL_Driver/Src/stm32f4xx_hal.o
                0x0000000008040a14                HAL_DeInit
 .text.HAL_MspDeInit
                0x0000000008040a6c        0xe ./Drivers/STM32F4xx_HAL_Driver/Src/stm32f4xx_hal.o
                0x0000000008040a6c                HAL_MspDeInit
 *fill*         0x0000000008040a7a        0x2 
 .text.HAL_InitTick
                0x0000000008040a7c       0x60 ./Drivers/STM32F4xx_HAL_Driver/Src/stm32f4xx_hal.o
                0x0000000008040a7c                HAL_InitTick
 .text.HAL_IncTick
                0x0000000008040adc       0x28 ./Drivers/STM32F4xx_HAL_Driver/Src/stm32f4xx_hal.o
                0x0000000008040adc                HAL_IncTick
 .text.HAL_GetTick
                0x0000000008040b04       0x18 ./Drivers/STM32F4xx_HAL_Driver/Src/stm32f4xx_hal.o
                0x0000000008040b04                HAL_GetTick
 .text.__NVIC_SetPriorityGrouping
                0x0000000008040b1c       0x48 ./Drivers/STM32F4xx_HAL_Driver/Src/stm32f4xx_hal_cortex.o
 .text.__NVIC_GetPriorityGrouping
                0x0000000008040b64       0x1c ./Drivers/STM32F4xx_HAL_Driver/Src/stm32f4xx_hal_cortex.o
 .text.__NVIC_SetPriority
                0x0000000008040b80       0x54 ./Drivers/STM32F4xx_HAL_Driver/Src/stm32f4xx_hal_cortex.o
 .text.NVIC_EncodePriority
                0x0000000008040bd4       0x66 ./Drivers/STM32F4xx_HAL_Driver/Src/stm32f4xx_hal_cortex.o
 *fill*         0x0000000008040c3a        0x2 
 .text.SysTick_Config
                0x0000000008040c3c       0x44 ./Drivers/STM32F4xx_HAL_Driver/Src/stm32f4xx_hal_cortex.o
 .text.HAL_NVIC_SetPriorityGrouping
                0x0000000008040c80       0x16 ./Drivers/STM32F4xx_HAL_Driver/Src/stm32f4xx_hal_cortex.o
                0x0000000008040c80                HAL_NVIC_SetPriorityGrouping
 .text.HAL_NVIC_SetPriority
                0x0000000008040c96       0x38 ./Drivers/STM32F4xx_HAL_Driver/Src/stm32f4xx_hal_cortex.o
                0x0000000008040c96                HAL_NVIC_SetPriority
 .text.HAL_SYSTICK_Config
                0x0000000008040cce       0x18 ./Drivers/STM32F4xx_HAL_Driver/Src/stm32f4xx_hal_cortex.o
                0x0000000008040cce                HAL_SYSTICK_Config
 *fill*         0x0000000008040ce6        0x2 
 .text.HAL_FLASH_Program
                0x0000000008040ce8       0xa8 ./Drivers/STM32F4xx_HAL_Driver/Src/stm32f4xx_hal_flash.o
                0x0000000008040ce8                HAL_FLASH_Program
 .text.HAL_FLASH_Unlock
                0x0000000008040d90       0x44 ./Drivers/STM32F4xx_HAL_Driver/Src/stm32f4xx_hal_flash.o
                0x0000000008040d90                HAL_FLASH_Unlock
 .text.HAL_FLASH_Lock
                0x0000000008040dd4       0x20 ./Drivers/STM32F4xx_HAL_Driver/Src/stm32f4xx_hal_flash.o
                0x0000000008040dd4                HAL_FLASH_Lock
 .text.FLASH_WaitForLastOperation
                0x0000000008040df4       0x80 ./Drivers/STM32F4xx_HAL_Driver/Src/stm32f4xx_hal_flash.o
                0x0000000008040df4                FLASH_WaitForLastOperation
 .text.FLASH_Program_DoubleWord
                0x0000000008040e74       0x64 ./Drivers/STM32F4xx_HAL_Driver/Src/stm32f4xx_hal_flash.o
 .text.FLASH_Program_Word
                0x0000000008040ed8       0x44 ./Drivers/STM32F4xx_HAL_Driver/Src/stm32f4xx_hal_flash.o
 .text.FLASH_Program_HalfWord
                0x0000000008040f1c       0x48 ./Drivers/STM32F4xx_HAL_Driver/Src/stm32f4xx_hal_flash.o
 .text.FLASH_Program_Byte
                0x0000000008040f64       0x44 ./Drivers/STM32F4xx_HAL_Driver/Src/stm32f4xx_hal_flash.o
 .text.FLASH_SetErrorCode
                0x0000000008040fa8       0xac ./Drivers/STM32F4xx_HAL_Driver/Src/stm32f4xx_hal_flash.o
 .text.HAL_FLASHEx_Erase
                0x0000000008041054       0xe0 ./Drivers/STM32F4xx_HAL_Driver/Src/stm32f4xx_hal_flash_ex.o
                0x0000000008041054                HAL_FLASHEx_Erase
 .text.FLASH_MassErase
                0x0000000008041134       0x48 ./Drivers/STM32F4xx_HAL_Driver/Src/stm32f4xx_hal_flash_ex.o
 .text.FLASH_Erase_Sector
                0x000000000804117c       0x90 ./Drivers/STM32F4xx_HAL_Driver/Src/stm32f4xx_hal_flash_ex.o
                0x000000000804117c                FLASH_Erase_Sector
 .text.FLASH_FlushCaches
                0x000000000804120c       0x8c ./Drivers/STM32F4xx_HAL_Driver/Src/stm32f4xx_hal_flash_ex.o
                0x000000000804120c                FLASH_FlushCaches
 .text.HAL_GPIO_Init
                0x0000000008041298      0x338 ./Drivers/STM32F4xx_HAL_Driver/Src/stm32f4xx_hal_gpio.o
                0x0000000008041298                HAL_GPIO_Init
 .text.HAL_GPIO_WritePin
                0x00000000080415d0       0x32 ./Drivers/STM32F4xx_HAL_Driver/Src/stm32f4xx_hal_gpio.o
                0x00000000080415d0                HAL_GPIO_WritePin
 .text.HAL_GPIO_TogglePin
                0x0000000008041602       0x34 ./Drivers/STM32F4xx_HAL_Driver/Src/stm32f4xx_hal_gpio.o
                0x0000000008041602                HAL_GPIO_TogglePin
 *fill*         0x0000000008041636        0x2 
 .text.HAL_RCC_OscConfig
                0x0000000008041638      0x4f0 ./Drivers/STM32F4xx_HAL_Driver/Src/stm32f4xx_hal_rcc.o
                0x0000000008041638                HAL_RCC_OscConfig
 .text.HAL_RCC_ClockConfig
                0x0000000008041b28      0x1cc ./Drivers/STM32F4xx_HAL_Driver/Src/stm32f4xx_hal_rcc.o
                0x0000000008041b28                HAL_RCC_ClockConfig
 .text.HAL_RCC_GetSysClockFreq
                0x0000000008041cf4      0x20c ./Drivers/STM32F4xx_HAL_Driver/Src/stm32f4xx_hal_rcc.o
                0x0000000008041cf4                HAL_RCC_GetSysClockFreq
 .text.HAL_RCC_GetHCLKFreq
                0x0000000008041f00       0x18 ./Drivers/STM32F4xx_HAL_Driver/Src/stm32f4xx_hal_rcc.o
                0x0000000008041f00                HAL_RCC_GetHCLKFreq
 .text.HAL_RCC_GetPCLK1Freq
                0x0000000008041f18       0x28 ./Drivers/STM32F4xx_HAL_Driver/Src/stm32f4xx_hal_rcc.o
                0x0000000008041f18                HAL_RCC_GetPCLK1Freq
 .text.HAL_RCC_GetPCLK2Freq
                0x0000000008041f40       0x28 ./Drivers/STM32F4xx_HAL_Driver/Src/stm32f4xx_hal_rcc.o
                0x0000000008041f40                HAL_RCC_GetPCLK2Freq
 .text.HAL_RCC_DeInit
                0x0000000008041f68      0x19c ./Drivers/STM32F4xx_HAL_Driver/Src/stm32f4xx_hal_rcc_ex.o
                0x0000000008041f68                HAL_RCC_DeInit
 .text.HAL_UART_Init
                0x0000000008042104       0x9a ./Drivers/STM32F4xx_HAL_Driver/Src/stm32f4xx_hal_uart.o
                0x0000000008042104                HAL_UART_Init
 .text.HAL_UART_Transmit
                0x000000000804219e      0x124 ./Drivers/STM32F4xx_HAL_Driver/Src/stm32f4xx_hal_uart.o
                0x000000000804219e                HAL_UART_Transmit
 .text.HAL_UART_Receive
                0x00000000080422c2      0x144 ./Drivers/STM32F4xx_HAL_Driver/Src/stm32f4xx_hal_uart.o
                0x00000000080422c2                HAL_UART_Receive
 .text.UART_WaitOnFlagUntilTimeout
                0x0000000008042406       0xdc ./Drivers/STM32F4xx_HAL_Driver/Src/stm32f4xx_hal_uart.o
 *fill*         0x00000000080424e2        0x2 
 .text.UART_SetConfig
                0x00000000080424e4      0x4e8 ./Drivers/STM32F4xx_HAL_Driver/Src/stm32f4xx_hal_uart.o
 .text.__libc_init_array
                0x00000000080429cc       0x48 e:/stm32/stm32cubeide_1.9.0/stm32cubeide/plugins/com.st.stm32cube.ide.mcu.externaltools.gnu-tools-for-stm32.10.3-2021.10.win32_1.0.0.202111181127/tools/bin/../lib/gcc/arm-none-eabi/10.3.1/../../../../arm-none-eabi/lib/thumb/v7e-m+fp/hard\libc_nano.a(lib_a-init.o)
                0x00000000080429cc                __libc_init_array
 .text.memset   0x0000000008042a14       0x10 e:/stm32/stm32cubeide_1.9.0/stm32cubeide/plugins/com.st.stm32cube.ide.mcu.externaltools.gnu-tools-for-stm32.10.3-2021.10.win32_1.0.0.202111181127/tools/bin/../lib/gcc/arm-none-eabi/10.3.1/../../../../arm-none-eabi/lib/thumb/v7e-m+fp/hard\libc_nano.a(lib_a-memset.o)
                0x0000000008042a14                memset
 *(.glue_7)
 .glue_7        0x0000000008042a24        0x0 linker stubs
 *(.glue_7t)
 .glue_7t       0x0000000008042a24        0x0 linker stubs
 *(.eh_frame)
 .eh_frame      0x0000000008042a24        0x0 e:/stm32/stm32cubeide_1.9.0/stm32cubeide/plugins/com.st.stm32cube.ide.mcu.externaltools.gnu-tools-for-stm32.10.3-2021.10.win32_1.0.0.202111181127/tools/bin/../lib/gcc/arm-none-eabi/10.3.1/thumb/v7e-m+fp/hard/crtbegin.o
 *(.init)
 .init          0x0000000008042a24        0x4 e:/stm32/stm32cubeide_1.9.0/stm32cubeide/plugins/com.st.stm32cube.ide.mcu.externaltools.gnu-tools-for-stm32.10.3-2021.10.win32_1.0.0.202111181127/tools/bin/../lib/gcc/arm-none-eabi/10.3.1/thumb/v7e-m+fp/hard/crti.o
                0x0000000008042a24                _init
 .init          0x0000000008042a28        0x8 e:/stm32/stm32cubeide_1.9.0/stm32cubeide/plugins/com.st.stm32cube.ide.mcu.externaltools.gnu-tools-for-stm32.10.3-2021.10.win32_1.0.0.202111181127/tools/bin/../lib/gcc/arm-none-eabi/10.3.1/thumb/v7e-m+fp/hard/crtn.o
 *(.fini)
 .fini          0x0000000008042a30        0x4 e:/stm32/stm32cubeide_1.9.0/stm32cubeide/plugins/com.st.stm32cube.ide.mcu.externaltools.gnu-tools-for-stm32.10.3-2021.10.win32_1.0.0.202111181127/tools/bin/../lib/gcc/arm-none-eabi/10.3.1/thumb/v7e-m+fp/hard/crti.o
                0x0000000008042a30                _fini
 .fini          0x0000000008042a34        0x8 e:/stm32/stm32cubeide_1.9.0/stm32cubeide/plugins/com.st.stm32cube.ide.mcu.externaltools.gnu-tools-for-stm32.10.3-2021.10.win32_1.0.0.202111181127/tools/bin/../lib/gcc/arm-none-eabi/10.3.1/thumb/v7e-m+fp/hard/crtn.o
                0x0000000008042a3c                . = ALIGN (0x4)
                0x0000000008042a3c                _etext = .

.vfp11_veneer   0x0000000008042a3c        0x0
 .vfp11_veneer  0x0000000008042a3c        0x0 linker stubs

.v4_bx          0x0000000008042a3c        0x0
 .v4_bx         0x0000000008042a3c        0x0 linker stubs

.iplt           0x0000000008042a3c        0x0
 .iplt          0x0000000008042a3c        0x0 e:/stm32/stm32cubeide_1.9.0/stm32cubeide/plugins/com.st.stm32cube.ide.mcu.externaltools.gnu-tools-for-stm32.10.3-2021.10.win32_1.0.0.202111181127/tools/bin/../lib/gcc/arm-none-eabi/10.3.1/thumb/v7e-m+fp/hard/crtbegin.o

.rodata         0x0000000008042a3c       0x18
                0x0000000008042a3c                . = ALIGN (0x4)
 *(.rodata)
 *(.rodata*)
 .rodata.AHBPrescTable
                0x0000000008042a3c       0x10 ./Core/Src/system_stm32f4xx.o
                0x0000000008042a3c                AHBPrescTable
 .rodata.APBPrescTable
                0x0000000008042a4c        0x8 ./Core/Src/system_stm32f4xx.o
                0x0000000008042a4c                APBPrescTable
                0x0000000008042a54                . = ALIGN (0x4)

.ARM.extab      0x0000000008042a54        0x0
                0x0000000008042a54                . = ALIGN (0x4)
 *(.ARM.extab* .gnu.linkonce.armextab.*)
                0x0000000008042a54                . = ALIGN (0x4)

.ARM            0x0000000008042a54        0x8
                0x0000000008042a54                . = ALIGN (0x4)
                0x0000000008042a54                __exidx_start = .
 *(.ARM.exidx*)
 .ARM.exidx     0x0000000008042a54        0x8 e:/stm32/stm32cubeide_1.9.0/stm32cubeide/plugins/com.st.stm32cube.ide.mcu.externaltools.gnu-tools-for-stm32.10.3-2021.10.win32_1.0.0.202111181127/tools/bin/../lib/gcc/arm-none-eabi/10.3.1/thumb/v7e-m+fp/hard\libgcc.a(_udivmoddi4.o)
                0x0000000008042a5c                __exidx_end = .
                0x0000000008042a5c                . = ALIGN (0x4)

.rel.dyn        0x0000000008042a5c        0x0
 .rel.iplt      0x0000000008042a5c        0x0 e:/stm32/stm32cubeide_1.9.0/stm32cubeide/plugins/com.st.stm32cube.ide.mcu.externaltools.gnu-tools-for-stm32.10.3-2021.10.win32_1.0.0.202111181127/tools/bin/../lib/gcc/arm-none-eabi/10.3.1/thumb/v7e-m+fp/hard/crtbegin.o

.preinit_array  0x0000000008042a5c        0x0
                0x0000000008042a5c                . = ALIGN (0x4)
                0x0000000008042a5c                PROVIDE (__preinit_array_start = .)
 *(.preinit_array*)
                0x0000000008042a5c                PROVIDE (__preinit_array_end = .)
                0x0000000008042a5c                . = ALIGN (0x4)

.init_array     0x0000000008042a5c        0x4
                0x0000000008042a5c                . = ALIGN (0x4)
                0x0000000008042a5c                PROVIDE (__init_array_start = .)
 *(SORT_BY_NAME(.init_array.*))
 *(.init_array*)
 .init_array    0x0000000008042a5c        0x4 e:/stm32/stm32cubeide_1.9.0/stm32cubeide/plugins/com.st.stm32cube.ide.mcu.externaltools.gnu-tools-for-stm32.10.3-2021.10.win32_1.0.0.202111181127/tools/bin/../lib/gcc/arm-none-eabi/10.3.1/thumb/v7e-m+fp/hard/crtbegin.o
                0x0000000008042a60                PROVIDE (__init_array_end = .)
                0x0000000008042a60                . = ALIGN (0x4)

.fini_array     0x0000000008042a60        0x4
                0x0000000008042a60                . = ALIGN (0x4)
                [!provide]                        PROVIDE (__fini_array_start = .)
 *(SORT_BY_NAME(.fini_array.*))
 *(.fini_array*)
 .fini_array    0x0000000008042a60        0x4 e:/stm32/stm32cubeide_1.9.0/stm32cubeide/plugins/com.st.stm32cube.ide.mcu.externaltools.gnu-tools-for-stm32.10.3-2021.10.win32_1.0.0.202111181127/tools/bin/../lib/gcc/arm-none-eabi/10.3.1/thumb/v7e-m+fp/hard/crtbegin.o
                [!provide]                        PROVIDE (__fini_array_end = .)
                0x0000000008042a64                . = ALIGN (0x4)
                0x0000000008042a64                _sidata = LOADADDR (.data)

.data           0x0000000020000000       0x68 load address 0x0000000008042a64
                0x0000000020000000                . = ALIGN (0x4)
                0x0000000020000000                _sdata = .
 *(.data)
 *(.data*)
 .data.Mode     0x0000000020000000       0x29 ./Core/Src/main.o
                0x0000000020000000                Mode
 *fill*         0x0000000020000029        0x3 
 .data.txData   0x000000002000002c       0x1c ./Core/Src/main.o
                0x000000002000002c                txData
 .data.back     0x0000000020000048       0x14 ./Core/Src/main.o
                0x0000000020000048                back
 .data.SystemCoreClock
                0x000000002000005c        0x4 ./Core/Src/system_stm32f4xx.o
                0x000000002000005c                SystemCoreClock
 .data.uwTickPrio
                0x0000000020000060        0x4 ./Drivers/STM32F4xx_HAL_Driver/Src/stm32f4xx_hal.o
                0x0000000020000060                uwTickPrio
 .data.uwTickFreq
                0x0000000020000064        0x1 ./Drivers/STM32F4xx_HAL_Driver/Src/stm32f4xx_hal.o
                0x0000000020000064                uwTickFreq
 *(.RamFunc)
 *(.RamFunc*)
                0x0000000020000068                . = ALIGN (0x4)
 *fill*         0x0000000020000065        0x3 
                0x0000000020000068                _edata = .
                0x0000000008042acc                _siccmram = LOADADDR (.ccmram)

.igot.plt       0x0000000020000068        0x0 load address 0x0000000008042acc
 .igot.plt      0x0000000020000068        0x0 e:/stm32/stm32cubeide_1.9.0/stm32cubeide/plugins/com.st.stm32cube.ide.mcu.externaltools.gnu-tools-for-stm32.10.3-2021.10.win32_1.0.0.202111181127/tools/bin/../lib/gcc/arm-none-eabi/10.3.1/thumb/v7e-m+fp/hard/crtbegin.o

.ccmram         0x0000000010000000        0x0 load address 0x0000000008042acc
                0x0000000010000000                . = ALIGN (0x4)
                0x0000000010000000                _sccmram = .
 *(.ccmram)
 *(.ccmram*)
                0x0000000010000000                . = ALIGN (0x4)
                0x0000000010000000                _eccmram = .
                0x0000000010000000                . = ALIGN (0x4)

.bss            0x0000000020000068       0x8c
                0x0000000020000068                _sbss = .
                0x0000000020000068                __bss_start__ = _sbss
 *(.bss)
 .bss           0x0000000020000068       0x1c e:/stm32/stm32cubeide_1.9.0/stm32cubeide/plugins/com.st.stm32cube.ide.mcu.externaltools.gnu-tools-for-stm32.10.3-2021.10.win32_1.0.0.202111181127/tools/bin/../lib/gcc/arm-none-eabi/10.3.1/thumb/v7e-m+fp/hard/crtbegin.o
 *(.bss*)
 .bss.huart4    0x0000000020000084       0x44 ./Core/Src/main.o
                0x0000000020000084                huart4
 .bss.rxData    0x00000000200000c8        0x1 ./Core/Src/main.o
                0x00000000200000c8                rxData
 *fill*         0x00000000200000c9        0x3 
 .bss.offset    0x00000000200000cc        0x4 ./Core/Src/main.o
                0x00000000200000cc                offset
 .bss.uwTick    0x00000000200000d0        0x4 ./Drivers/STM32F4xx_HAL_Driver/Src/stm32f4xx_hal.o
                0x00000000200000d0                uwTick
 .bss.pFlash    0x00000000200000d4       0x20 ./Drivers/STM32F4xx_HAL_Driver/Src/stm32f4xx_hal_flash.o
                0x00000000200000d4                pFlash
 *(COMMON)
                0x00000000200000f4                . = ALIGN (0x4)
                0x00000000200000f4                _ebss = .
                0x00000000200000f4                __bss_end__ = _ebss

._user_heap_stack
                0x00000000200000f4      0x604
                0x00000000200000f8                . = ALIGN (0x8)
 *fill*         0x00000000200000f4        0x4 
                [!provide]                        PROVIDE (end = .)
                0x00000000200000f8                PROVIDE (_end = .)
                0x00000000200002f8                . = (. + _Min_Heap_Size)
 *fill*         0x00000000200000f8      0x200 
                0x00000000200006f8                . = (. + _Min_Stack_Size)
 *fill*         0x00000000200002f8      0x400 
                0x00000000200006f8                . = ALIGN (0x8)

/DISCARD/
 libc.a(*)
 libm.a(*)
 libgcc.a(*)

.ARM.attributes
                0x0000000000000000       0x30
 *(.ARM.attributes)
 .ARM.attributes
                0x0000000000000000       0x1e e:/stm32/stm32cubeide_1.9.0/stm32cubeide/plugins/com.st.stm32cube.ide.mcu.externaltools.gnu-tools-for-stm32.10.3-2021.10.win32_1.0.0.202111181127/tools/bin/../lib/gcc/arm-none-eabi/10.3.1/thumb/v7e-m+fp/hard/crti.o
 .ARM.attributes
                0x000000000000001e       0x34 e:/stm32/stm32cubeide_1.9.0/stm32cubeide/plugins/com.st.stm32cube.ide.mcu.externaltools.gnu-tools-for-stm32.10.3-2021.10.win32_1.0.0.202111181127/tools/bin/../lib/gcc/arm-none-eabi/10.3.1/thumb/v7e-m+fp/hard/crtbegin.o
 .ARM.attributes
                0x0000000000000052       0x34 ./Core/Src/Flash.o
 .ARM.attributes
                0x0000000000000086       0x34 ./Core/Src/main.o
 .ARM.attributes
                0x00000000000000ba       0x34 ./Core/Src/stm32f4xx_hal_msp.o
 .ARM.attributes
                0x00000000000000ee       0x34 ./Core/Src/stm32f4xx_it.o
 .ARM.attributes
                0x0000000000000122       0x34 ./Core/Src/system_stm32f4xx.o
 .ARM.attributes
                0x0000000000000156       0x21 ./Core/Startup/startup_stm32f407vgtx.o
 .ARM.attributes
                0x0000000000000177       0x34 ./Drivers/STM32F4xx_HAL_Driver/Src/stm32f4xx_hal.o
 .ARM.attributes
                0x00000000000001ab       0x34 ./Drivers/STM32F4xx_HAL_Driver/Src/stm32f4xx_hal_cortex.o
 .ARM.attributes
                0x00000000000001df       0x34 ./Drivers/STM32F4xx_HAL_Driver/Src/stm32f4xx_hal_flash.o
 .ARM.attributes
                0x0000000000000213       0x34 ./Drivers/STM32F4xx_HAL_Driver/Src/stm32f4xx_hal_flash_ex.o
 .ARM.attributes
                0x0000000000000247       0x34 ./Drivers/STM32F4xx_HAL_Driver/Src/stm32f4xx_hal_gpio.o
 .ARM.attributes
                0x000000000000027b       0x34 ./Drivers/STM32F4xx_HAL_Driver/Src/stm32f4xx_hal_rcc.o
 .ARM.attributes
                0x00000000000002af       0x34 ./Drivers/STM32F4xx_HAL_Driver/Src/stm32f4xx_hal_rcc_ex.o
 .ARM.attributes
                0x00000000000002e3       0x34 ./Drivers/STM32F4xx_HAL_Driver/Src/stm32f4xx_hal_uart.o
 .ARM.attributes
                0x0000000000000317       0x34 e:/stm32/stm32cubeide_1.9.0/stm32cubeide/plugins/com.st.stm32cube.ide.mcu.externaltools.gnu-tools-for-stm32.10.3-2021.10.win32_1.0.0.202111181127/tools/bin/../lib/gcc/arm-none-eabi/10.3.1/../../../../arm-none-eabi/lib/thumb/v7e-m+fp/hard\libc_nano.a(lib_a-init.o)
 .ARM.attributes
                0x000000000000034b       0x34 e:/stm32/stm32cubeide_1.9.0/stm32cubeide/plugins/com.st.stm32cube.ide.mcu.externaltools.gnu-tools-for-stm32.10.3-2021.10.win32_1.0.0.202111181127/tools/bin/../lib/gcc/arm-none-eabi/10.3.1/../../../../arm-none-eabi/lib/thumb/v7e-m+fp/hard\libc_nano.a(lib_a-memset.o)
 .ARM.attributes
                0x000000000000037f       0x17 e:/stm32/stm32cubeide_1.9.0/stm32cubeide/plugins/com.st.stm32cube.ide.mcu.externaltools.gnu-tools-for-stm32.10.3-2021.10.win32_1.0.0.202111181127/tools/bin/../lib/gcc/arm-none-eabi/10.3.1/../../../../arm-none-eabi/lib/thumb/v7e-m+fp/hard\libc_nano.a(lib_a-strlen.o)
 .ARM.attributes
                0x0000000000000396       0x1e e:/stm32/stm32cubeide_1.9.0/stm32cubeide/plugins/com.st.stm32cube.ide.mcu.externaltools.gnu-tools-for-stm32.10.3-2021.10.win32_1.0.0.202111181127/tools/bin/../lib/gcc/arm-none-eabi/10.3.1/thumb/v7e-m+fp/hard\libgcc.a(_aeabi_uldivmod.o)
 .ARM.attributes
                0x00000000000003b4       0x34 e:/stm32/stm32cubeide_1.9.0/stm32cubeide/plugins/com.st.stm32cube.ide.mcu.externaltools.gnu-tools-for-stm32.10.3-2021.10.win32_1.0.0.202111181127/tools/bin/../lib/gcc/arm-none-eabi/10.3.1/thumb/v7e-m+fp/hard\libgcc.a(_udivmoddi4.o)
 .ARM.attributes
                0x00000000000003e8       0x1e e:/stm32/stm32cubeide_1.9.0/stm32cubeide/plugins/com.st.stm32cube.ide.mcu.externaltools.gnu-tools-for-stm32.10.3-2021.10.win32_1.0.0.202111181127/tools/bin/../lib/gcc/arm-none-eabi/10.3.1/thumb/v7e-m+fp/hard\libgcc.a(_dvmd_tls.o)
 .ARM.attributes
                0x0000000000000406       0x1e e:/stm32/stm32cubeide_1.9.0/stm32cubeide/plugins/com.st.stm32cube.ide.mcu.externaltools.gnu-tools-for-stm32.10.3-2021.10.win32_1.0.0.202111181127/tools/bin/../lib/gcc/arm-none-eabi/10.3.1/thumb/v7e-m+fp/hard/crtn.o
OUTPUT(FOTA_2.elf elf32-littlearm)
LOAD linker stubs
LOAD e:/stm32/stm32cubeide_1.9.0/stm32cubeide/plugins/com.st.stm32cube.ide.mcu.externaltools.gnu-tools-for-stm32.10.3-2021.10.win32_1.0.0.202111181127/tools/bin/../lib/gcc/arm-none-eabi/10.3.1/../../../../arm-none-eabi/lib/thumb/v7e-m+fp/hard\libc.a
LOAD e:/stm32/stm32cubeide_1.9.0/stm32cubeide/plugins/com.st.stm32cube.ide.mcu.externaltools.gnu-tools-for-stm32.10.3-2021.10.win32_1.0.0.202111181127/tools/bin/../lib/gcc/arm-none-eabi/10.3.1/../../../../arm-none-eabi/lib/thumb/v7e-m+fp/hard\libm.a
LOAD e:/stm32/stm32cubeide_1.9.0/stm32cubeide/plugins/com.st.stm32cube.ide.mcu.externaltools.gnu-tools-for-stm32.10.3-2021.10.win32_1.0.0.202111181127/tools/bin/../lib/gcc/arm-none-eabi/10.3.1/thumb/v7e-m+fp/hard\libgcc.a

.debug_info     0x0000000000000000     0x8db4
 .debug_info    0x0000000000000000      0x233 ./Core/Src/Flash.o
 .debug_info    0x0000000000000233      0xf86 ./Core/Src/main.o
 .debug_info    0x00000000000011b9      0x96b ./Core/Src/stm32f4xx_hal_msp.o
 .debug_info    0x0000000000001b24      0x121 ./Core/Src/stm32f4xx_it.o
 .debug_info    0x0000000000001c45      0x523 ./Core/Src/system_stm32f4xx.o
 .debug_info    0x0000000000002168       0x22 ./Core/Startup/startup_stm32f407vgtx.o
 .debug_info    0x000000000000218a      0x97c ./Drivers/STM32F4xx_HAL_Driver/Src/stm32f4xx_hal.o
 .debug_info    0x0000000000002b06      0xe1b ./Drivers/STM32F4xx_HAL_Driver/Src/stm32f4xx_hal_cortex.o
 .debug_info    0x0000000000003921      0x5d2 ./Drivers/STM32F4xx_HAL_Driver/Src/stm32f4xx_hal_flash.o
 .debug_info    0x0000000000003ef3      0x6cc ./Drivers/STM32F4xx_HAL_Driver/Src/stm32f4xx_hal_flash_ex.o
 .debug_info    0x00000000000045bf      0x76a ./Drivers/STM32F4xx_HAL_Driver/Src/stm32f4xx_hal_gpio.o
 .debug_info    0x0000000000004d29      0x966 ./Drivers/STM32F4xx_HAL_Driver/Src/stm32f4xx_hal_rcc.o
 .debug_info    0x000000000000568f      0x569 ./Drivers/STM32F4xx_HAL_Driver/Src/stm32f4xx_hal_rcc_ex.o
 .debug_info    0x0000000000005bf8     0x31bc ./Drivers/STM32F4xx_HAL_Driver/Src/stm32f4xx_hal_uart.o

.debug_abbrev   0x0000000000000000     0x1a0c
 .debug_abbrev  0x0000000000000000      0x13b ./Core/Src/Flash.o
 .debug_abbrev  0x000000000000013b      0x2ac ./Core/Src/main.o
 .debug_abbrev  0x00000000000003e7      0x19b ./Core/Src/stm32f4xx_hal_msp.o
 .debug_abbrev  0x0000000000000582       0x74 ./Core/Src/stm32f4xx_it.o
 .debug_abbrev  0x00000000000005f6      0x116 ./Core/Src/system_stm32f4xx.o
 .debug_abbrev  0x000000000000070c       0x12 ./Core/Startup/startup_stm32f407vgtx.o
 .debug_abbrev  0x000000000000071e      0x20d ./Drivers/STM32F4xx_HAL_Driver/Src/stm32f4xx_hal.o
 .debug_abbrev  0x000000000000092b      0x316 ./Drivers/STM32F4xx_HAL_Driver/Src/stm32f4xx_hal_cortex.o
 .debug_abbrev  0x0000000000000c41      0x281 ./Drivers/STM32F4xx_HAL_Driver/Src/stm32f4xx_hal_flash.o
 .debug_abbrev  0x0000000000000ec2      0x240 ./Drivers/STM32F4xx_HAL_Driver/Src/stm32f4xx_hal_flash_ex.o
 .debug_abbrev  0x0000000000001102      0x1c4 ./Drivers/STM32F4xx_HAL_Driver/Src/stm32f4xx_hal_gpio.o
 .debug_abbrev  0x00000000000012c6      0x2aa ./Drivers/STM32F4xx_HAL_Driver/Src/stm32f4xx_hal_rcc.o
 .debug_abbrev  0x0000000000001570      0x1a8 ./Drivers/STM32F4xx_HAL_Driver/Src/stm32f4xx_hal_rcc_ex.o
 .debug_abbrev  0x0000000000001718      0x2f4 ./Drivers/STM32F4xx_HAL_Driver/Src/stm32f4xx_hal_uart.o

.debug_aranges  0x0000000000000000      0x7b8
 .debug_aranges
                0x0000000000000000       0x30 ./Core/Src/Flash.o
 .debug_aranges
                0x0000000000000030       0x40 ./Core/Src/main.o
 .debug_aranges
                0x0000000000000070       0x30 ./Core/Src/stm32f4xx_hal_msp.o
 .debug_aranges
                0x00000000000000a0       0x60 ./Core/Src/stm32f4xx_it.o
 .debug_aranges
                0x0000000000000100       0x28 ./Core/Src/system_stm32f4xx.o
 .debug_aranges
                0x0000000000000128       0x28 ./Core/Startup/startup_stm32f407vgtx.o
 .debug_aranges
                0x0000000000000150       0xf0 ./Drivers/STM32F4xx_HAL_Driver/Src/stm32f4xx_hal.o
 .debug_aranges
                0x0000000000000240      0x118 ./Drivers/STM32F4xx_HAL_Driver/Src/stm32f4xx_hal_cortex.o
 .debug_aranges
                0x0000000000000358       0xa0 ./Drivers/STM32F4xx_HAL_Driver/Src/stm32f4xx_hal_flash.o
 .debug_aranges
                0x00000000000003f8       0x98 ./Drivers/STM32F4xx_HAL_Driver/Src/stm32f4xx_hal_flash_ex.o
 .debug_aranges
                0x0000000000000490       0x58 ./Drivers/STM32F4xx_HAL_Driver/Src/stm32f4xx_hal_gpio.o
 .debug_aranges
                0x00000000000004e8       0x88 ./Drivers/STM32F4xx_HAL_Driver/Src/stm32f4xx_hal_rcc.o
 .debug_aranges
                0x0000000000000570       0x48 ./Drivers/STM32F4xx_HAL_Driver/Src/stm32f4xx_hal_rcc_ex.o
 .debug_aranges
                0x00000000000005b8      0x200 ./Drivers/STM32F4xx_HAL_Driver/Src/stm32f4xx_hal_uart.o

.debug_ranges   0x0000000000000000      0x710
 .debug_ranges  0x0000000000000000       0x20 ./Core/Src/Flash.o
 .debug_ranges  0x0000000000000020       0x30 ./Core/Src/main.o
 .debug_ranges  0x0000000000000050       0x20 ./Core/Src/stm32f4xx_hal_msp.o
 .debug_ranges  0x0000000000000070       0x50 ./Core/Src/stm32f4xx_it.o
 .debug_ranges  0x00000000000000c0       0x18 ./Core/Src/system_stm32f4xx.o
 .debug_ranges  0x00000000000000d8       0x20 ./Core/Startup/startup_stm32f407vgtx.o
 .debug_ranges  0x00000000000000f8       0xe0 ./Drivers/STM32F4xx_HAL_Driver/Src/stm32f4xx_hal.o
 .debug_ranges  0x00000000000001d8      0x108 ./Drivers/STM32F4xx_HAL_Driver/Src/stm32f4xx_hal_cortex.o
 .debug_ranges  0x00000000000002e0       0x90 ./Drivers/STM32F4xx_HAL_Driver/Src/stm32f4xx_hal_flash.o
 .debug_ranges  0x0000000000000370       0x88 ./Drivers/STM32F4xx_HAL_Driver/Src/stm32f4xx_hal_flash_ex.o
 .debug_ranges  0x00000000000003f8       0x48 ./Drivers/STM32F4xx_HAL_Driver/Src/stm32f4xx_hal_gpio.o
 .debug_ranges  0x0000000000000440       0x78 ./Drivers/STM32F4xx_HAL_Driver/Src/stm32f4xx_hal_rcc.o
 .debug_ranges  0x00000000000004b8       0x38 ./Drivers/STM32F4xx_HAL_Driver/Src/stm32f4xx_hal_rcc_ex.o
 .debug_ranges  0x00000000000004f0      0x220 ./Drivers/STM32F4xx_HAL_Driver/Src/stm32f4xx_hal_uart.o

.debug_macro    0x0000000000000000    0x200ee
 .debug_macro   0x0000000000000000      0x1c4 ./Core/Src/Flash.o
 .debug_macro   0x00000000000001c4      0xa78 ./Core/Src/Flash.o
 .debug_macro   0x0000000000000c3c       0x22 ./Core/Src/Flash.o
 .debug_macro   0x0000000000000c5e       0x8e ./Core/Src/Flash.o
 .debug_macro   0x0000000000000cec       0x51 ./Core/Src/Flash.o
 .debug_macro   0x0000000000000d3d      0x103 ./Core/Src/Flash.o
 .debug_macro   0x0000000000000e40       0x6a ./Core/Src/Flash.o
 .debug_macro   0x0000000000000eaa      0x1df ./Core/Src/Flash.o
 .debug_macro   0x0000000000001089       0x2e ./Core/Src/Flash.o
 .debug_macro   0x00000000000010b7       0x2f ./Core/Src/Flash.o
 .debug_macro   0x00000000000010e6       0x1c ./Core/Src/Flash.o
 .debug_macro   0x0000000000001102       0x22 ./Core/Src/Flash.o
 .debug_macro   0x0000000000001124       0xd9 ./Core/Src/Flash.o
 .debug_macro   0x00000000000011fd     0x102d ./Core/Src/Flash.o
 .debug_macro   0x000000000000222a      0x11f ./Core/Src/Flash.o
 .debug_macro   0x0000000000002349    0x15e82 ./Core/Src/Flash.o
 .debug_macro   0x00000000000181cb       0x6d ./Core/Src/Flash.o
 .debug_macro   0x0000000000018238      0x295 ./Core/Src/Flash.o
 .debug_macro   0x00000000000184cd     0x367e ./Core/Src/Flash.o
 .debug_macro   0x000000000001bb4b      0x174 ./Core/Src/Flash.o
 .debug_macro   0x000000000001bcbf       0x5c ./Core/Src/Flash.o
 .debug_macro   0x000000000001bd1b      0x96b ./Core/Src/Flash.o
 .debug_macro   0x000000000001c686      0x9fe ./Core/Src/Flash.o
 .debug_macro   0x000000000001d084      0x115 ./Core/Src/Flash.o
 .debug_macro   0x000000000001d199      0x13e ./Core/Src/Flash.o
 .debug_macro   0x000000000001d2d7       0xa5 ./Core/Src/Flash.o
 .debug_macro   0x000000000001d37c      0x174 ./Core/Src/Flash.o
 .debug_macro   0x000000000001d4f0      0x287 ./Core/Src/Flash.o
 .debug_macro   0x000000000001d777       0x5f ./Core/Src/Flash.o
 .debug_macro   0x000000000001d7d6      0x236 ./Core/Src/Flash.o
 .debug_macro   0x000000000001da0c      0x12c ./Core/Src/Flash.o
 .debug_macro   0x000000000001db38      0x21e ./Core/Src/Flash.o
 .debug_macro   0x000000000001dd56       0x2e ./Core/Src/Flash.o
 .debug_macro   0x000000000001dd84      0x11a ./Core/Src/Flash.o
 .debug_macro   0x000000000001de9e       0x7e ./Core/Src/Flash.o
 .debug_macro   0x000000000001df1c       0x89 ./Core/Src/Flash.o
 .debug_macro   0x000000000001dfa5      0x295 ./Core/Src/Flash.o
 .debug_macro   0x000000000001e23a      0x12d ./Core/Src/Flash.o
 .debug_macro   0x000000000001e367      0x2a2 ./Core/Src/main.o
 .debug_macro   0x000000000001e609       0x52 ./Core/Src/main.o
 .debug_macro   0x000000000001e65b       0x1e ./Core/Src/main.o
 .debug_macro   0x000000000001e679       0x3c ./Core/Src/main.o
 .debug_macro   0x000000000001e6b5       0x34 ./Core/Src/main.o
 .debug_macro   0x000000000001e6e9       0x16 ./Core/Src/main.o
 .debug_macro   0x000000000001e6ff       0x43 ./Core/Src/main.o
 .debug_macro   0x000000000001e742       0x34 ./Core/Src/main.o
 .debug_macro   0x000000000001e776       0x10 ./Core/Src/main.o
 .debug_macro   0x000000000001e786       0x58 ./Core/Src/main.o
 .debug_macro   0x000000000001e7de       0x71 ./Core/Src/main.o
 .debug_macro   0x000000000001e84f       0x1c ./Core/Src/main.o
 .debug_macro   0x000000000001e86b      0x12a ./Core/Src/main.o
 .debug_macro   0x000000000001e995      0x341 ./Core/Src/main.o
 .debug_macro   0x000000000001ecd6       0x10 ./Core/Src/main.o
 .debug_macro   0x000000000001ece6       0x35 ./Core/Src/main.o
 .debug_macro   0x000000000001ed1b       0x20 ./Core/Src/main.o
 .debug_macro   0x000000000001ed3b      0x1c4 ./Core/Src/stm32f4xx_hal_msp.o
 .debug_macro   0x000000000001eeff      0x1ce ./Core/Src/stm32f4xx_it.o
 .debug_macro   0x000000000001f0cd      0x1ba ./Core/Src/system_stm32f4xx.o
 .debug_macro   0x000000000001f287      0x21a ./Drivers/STM32F4xx_HAL_Driver/Src/stm32f4xx_hal.o
 .debug_macro   0x000000000001f4a1      0x1ba ./Drivers/STM32F4xx_HAL_Driver/Src/stm32f4xx_hal_cortex.o
 .debug_macro   0x000000000001f65b      0x1c0 ./Drivers/STM32F4xx_HAL_Driver/Src/stm32f4xx_hal_flash.o
 .debug_macro   0x000000000001f81b      0x1c0 ./Drivers/STM32F4xx_HAL_Driver/Src/stm32f4xx_hal_flash_ex.o
 .debug_macro   0x000000000001f9db      0x1c0 ./Drivers/STM32F4xx_HAL_Driver/Src/stm32f4xx_hal_gpio.o
 .debug_macro   0x000000000001fb9b      0x1de ./Drivers/STM32F4xx_HAL_Driver/Src/stm32f4xx_hal_rcc.o
 .debug_macro   0x000000000001fd79      0x1ba ./Drivers/STM32F4xx_HAL_Driver/Src/stm32f4xx_hal_rcc_ex.o
 .debug_macro   0x000000000001ff33      0x1bb ./Drivers/STM32F4xx_HAL_Driver/Src/stm32f4xx_hal_uart.o

.debug_line     0x0000000000000000     0x9b1d
 .debug_line    0x0000000000000000      0x6cc ./Core/Src/Flash.o
 .debug_line    0x00000000000006cc      0x921 ./Core/Src/main.o
 .debug_line    0x0000000000000fed      0x6df ./Core/Src/stm32f4xx_hal_msp.o
 .debug_line    0x00000000000016cc      0x755 ./Core/Src/stm32f4xx_it.o
 .debug_line    0x0000000000001e21      0x714 ./Core/Src/system_stm32f4xx.o
 .debug_line    0x0000000000002535       0x88 ./Core/Startup/startup_stm32f407vgtx.o
 .debug_line    0x00000000000025bd      0x97a ./Drivers/STM32F4xx_HAL_Driver/Src/stm32f4xx_hal.o
 .debug_line    0x0000000000002f37      0xc29 ./Drivers/STM32F4xx_HAL_Driver/Src/stm32f4xx_hal_cortex.o
 .debug_line    0x0000000000003b60      0xa02 ./Drivers/STM32F4xx_HAL_Driver/Src/stm32f4xx_hal_flash.o
 .debug_line    0x0000000000004562      0xa28 ./Drivers/STM32F4xx_HAL_Driver/Src/stm32f4xx_hal_flash_ex.o
 .debug_line    0x0000000000004f8a      0xaee ./Drivers/STM32F4xx_HAL_Driver/Src/stm32f4xx_hal_gpio.o
 .debug_line    0x0000000000005a78      0xcf6 ./Drivers/STM32F4xx_HAL_Driver/Src/stm32f4xx_hal_rcc.o
 .debug_line    0x000000000000676e      0x990 ./Drivers/STM32F4xx_HAL_Driver/Src/stm32f4xx_hal_rcc_ex.o
 .debug_line    0x00000000000070fe     0x2a1f ./Drivers/STM32F4xx_HAL_Driver/Src/stm32f4xx_hal_uart.o

.debug_str      0x0000000000000000    0xc1add
 .debug_str     0x0000000000000000    0xbc4d4 ./Core/Src/Flash.o
                                      0xbc75b (size before relaxing)
 .debug_str     0x00000000000bc4d4     0x368d ./Core/Src/main.o
                                      0xbfd8c (size before relaxing)
 .debug_str     0x00000000000bfb61       0x66 ./Core/Src/stm32f4xx_hal_msp.o
                                      0xbcc56 (size before relaxing)
 .debug_str     0x00000000000bfbc7       0xc9 ./Core/Src/stm32f4xx_it.o
                                      0xbc6e5 (size before relaxing)
 .debug_str     0x00000000000bfc90       0x87 ./Core/Src/system_stm32f4xx.o
                                      0xbc80f (size before relaxing)
 .debug_str     0x00000000000bfd17       0x36 ./Core/Startup/startup_stm32f407vgtx.o
                                         0x62 (size before relaxing)
 .debug_str     0x00000000000bfd4d      0xafc ./Drivers/STM32F4xx_HAL_Driver/Src/stm32f4xx_hal.o
                                      0xbd393 (size before relaxing)
 .debug_str     0x00000000000c0849      0x354 ./Drivers/STM32F4xx_HAL_Driver/Src/stm32f4xx_hal_cortex.o
                                      0xbd0c6 (size before relaxing)
 .debug_str     0x00000000000c0b9d      0x291 ./Drivers/STM32F4xx_HAL_Driver/Src/stm32f4xx_hal_flash.o
                                      0xbc9ff (size before relaxing)
 .debug_str     0x00000000000c0e2e      0x1e3 ./Drivers/STM32F4xx_HAL_Driver/Src/stm32f4xx_hal_flash_ex.o
                                      0xbca4f (size before relaxing)
 .debug_str     0x00000000000c1011      0x10e ./Drivers/STM32F4xx_HAL_Driver/Src/stm32f4xx_hal_gpio.o
                                      0xbc98a (size before relaxing)
 .debug_str     0x00000000000c111f      0x219 ./Drivers/STM32F4xx_HAL_Driver/Src/stm32f4xx_hal_rcc.o
                                      0xbcc43 (size before relaxing)
 .debug_str     0x00000000000c1338      0x179 ./Drivers/STM32F4xx_HAL_Driver/Src/stm32f4xx_hal_rcc_ex.o
                                      0xbc961 (size before relaxing)
 .debug_str     0x00000000000c14b1      0x62c ./Drivers/STM32F4xx_HAL_Driver/Src/stm32f4xx_hal_uart.o
                                      0xbd1e2 (size before relaxing)

.comment        0x0000000000000000       0x50
 .comment       0x0000000000000000       0x50 ./Core/Src/Flash.o
                                         0x51 (size before relaxing)
 .comment       0x0000000000000050       0x51 ./Core/Src/main.o
 .comment       0x0000000000000050       0x51 ./Core/Src/stm32f4xx_hal_msp.o
 .comment       0x0000000000000050       0x51 ./Core/Src/stm32f4xx_it.o
 .comment       0x0000000000000050       0x51 ./Core/Src/system_stm32f4xx.o
 .comment       0x0000000000000050       0x51 ./Drivers/STM32F4xx_HAL_Driver/Src/stm32f4xx_hal.o
 .comment       0x0000000000000050       0x51 ./Drivers/STM32F4xx_HAL_Driver/Src/stm32f4xx_hal_cortex.o
 .comment       0x0000000000000050       0x51 ./Drivers/STM32F4xx_HAL_Driver/Src/stm32f4xx_hal_flash.o
 .comment       0x0000000000000050       0x51 ./Drivers/STM32F4xx_HAL_Driver/Src/stm32f4xx_hal_flash_ex.o
 .comment       0x0000000000000050       0x51 ./Drivers/STM32F4xx_HAL_Driver/Src/stm32f4xx_hal_gpio.o
 .comment       0x0000000000000050       0x51 ./Drivers/STM32F4xx_HAL_Driver/Src/stm32f4xx_hal_rcc.o
 .comment       0x0000000000000050       0x51 ./Drivers/STM32F4xx_HAL_Driver/Src/stm32f4xx_hal_rcc_ex.o
 .comment       0x0000000000000050       0x51 ./Drivers/STM32F4xx_HAL_Driver/Src/stm32f4xx_hal_uart.o

.debug_frame    0x0000000000000000     0x1de4
 .debug_frame   0x0000000000000000       0x84 ./Core/Src/Flash.o
 .debug_frame   0x0000000000000084       0xac ./Core/Src/main.o
 .debug_frame   0x0000000000000130       0x80 ./Core/Src/stm32f4xx_hal_msp.o
 .debug_frame   0x00000000000001b0      0x104 ./Core/Src/stm32f4xx_it.o
 .debug_frame   0x00000000000002b4       0x58 ./Core/Src/system_stm32f4xx.o
 .debug_frame   0x000000000000030c      0x374 ./Drivers/STM32F4xx_HAL_Driver/Src/stm32f4xx_hal.o
 .debug_frame   0x0000000000000680      0x498 ./Drivers/STM32F4xx_HAL_Driver/Src/stm32f4xx_hal_cortex.o
 .debug_frame   0x0000000000000b18      0x274 ./Drivers/STM32F4xx_HAL_Driver/Src/stm32f4xx_hal_flash.o
 .debug_frame   0x0000000000000d8c      0x250 ./Drivers/STM32F4xx_HAL_Driver/Src/stm32f4xx_hal_flash_ex.o
 .debug_frame   0x0000000000000fdc      0x14c ./Drivers/STM32F4xx_HAL_Driver/Src/stm32f4xx_hal_gpio.o
 .debug_frame   0x0000000000001128      0x1f4 ./Drivers/STM32F4xx_HAL_Driver/Src/stm32f4xx_hal_rcc.o
 .debug_frame   0x000000000000131c       0xf0 ./Drivers/STM32F4xx_HAL_Driver/Src/stm32f4xx_hal_rcc_ex.o
 .debug_frame   0x000000000000140c      0x92c ./Drivers/STM32F4xx_HAL_Driver/Src/stm32f4xx_hal_uart.o
 .debug_frame   0x0000000000001d38       0x2c e:/stm32/stm32cubeide_1.9.0/stm32cubeide/plugins/com.st.stm32cube.ide.mcu.externaltools.gnu-tools-for-stm32.10.3-2021.10.win32_1.0.0.202111181127/tools/bin/../lib/gcc/arm-none-eabi/10.3.1/../../../../arm-none-eabi/lib/thumb/v7e-m+fp/hard\libc_nano.a(lib_a-init.o)
 .debug_frame   0x0000000000001d64       0x20 e:/stm32/stm32cubeide_1.9.0/stm32cubeide/plugins/com.st.stm32cube.ide.mcu.externaltools.gnu-tools-for-stm32.10.3-2021.10.win32_1.0.0.202111181127/tools/bin/../lib/gcc/arm-none-eabi/10.3.1/../../../../arm-none-eabi/lib/thumb/v7e-m+fp/hard\libc_nano.a(lib_a-memset.o)
 .debug_frame   0x0000000000001d84       0x2c e:/stm32/stm32cubeide_1.9.0/stm32cubeide/plugins/com.st.stm32cube.ide.mcu.externaltools.gnu-tools-for-stm32.10.3-2021.10.win32_1.0.0.202111181127/tools/bin/../lib/gcc/arm-none-eabi/10.3.1/thumb/v7e-m+fp/hard\libgcc.a(_aeabi_uldivmod.o)
 .debug_frame   0x0000000000001db0       0x34 e:/stm32/stm32cubeide_1.9.0/stm32cubeide/plugins/com.st.stm32cube.ide.mcu.externaltools.gnu-tools-for-stm32.10.3-2021.10.win32_1.0.0.202111181127/tools/bin/../lib/gcc/arm-none-eabi/10.3.1/thumb/v7e-m+fp/hard\libgcc.a(_udivmoddi4.o)
